RECVbuf       3       2      36
RECVbuf       3       2      44
RECVbuf       3       2      52
RECVbuf       3       2      60
RECVbuf       3       1      29
RECVbuf       3       1      30
RECVbuf       3       1      31
RECVbuf       3       1      32
RECVbuf       0       1       5
RECVbuf       0       1      13
RECVbuf       0       1      21
RECVbuf       0       1      29
RECVbuf       0       2      33
RECVbuf       0       2      34
RECVbuf       0       2      35
RECVbuf       0       2      36
RECVbuf       1       0       4
RECVbuf       1       0      12
RECVbuf       1       0      20
RECVbuf       1       0      28
RECVbuf       1       3      37
RECVbuf       1       3      38
RECVbuf       1       3      39
RECVbuf       1       3      40
RECVbuf       2       3      37
RECVbuf       2       3      45
RECVbuf       2       3      53
RECVbuf       2       3      61
RECVbuf       2       0      25
RECVbuf       2       0      26
RECVbuf       2       0      27
RECVbuf       2       0      28
